
Memory Configuration

Name             Origin             Length             Attributes
*default*        0x0000000000000000 0xffffffffffffffff

Linker script and memory map

LOAD /tmp/ccrGAY23.o
LOAD /tmp/cc0B5ScS.o

.memory         0x0000000000000000      0x624
                0x0000000000000000                . = 0x0
 *(.init)
 .init          0x0000000000000000      0x1f4 /tmp/ccrGAY23.o
 *(.text)
 .text          0x00000000000001f4        0x0 /tmp/ccrGAY23.o
 .text          0x00000000000001f4       0xc0 /tmp/cc0B5ScS.o
 *(*)
 .data          0x00000000000002b4        0x0 /tmp/ccrGAY23.o
 .bss           0x00000000000002b4        0x0 /tmp/ccrGAY23.o
 .data          0x00000000000002b4        0x0 /tmp/cc0B5ScS.o
 .bss           0x00000000000002b4        0x0 /tmp/cc0B5ScS.o
 .text.startup  0x00000000000002b4      0x2f8 /tmp/cc0B5ScS.o
                0x00000000000002b4                main
 .rodata.str1.4
                0x00000000000005ac       0x64 /tmp/cc0B5ScS.o
                                         0x61 (size before relaxing)
 .comment       0x0000000000000610       0x11 /tmp/cc0B5ScS.o
                                         0x12 (size before relaxing)
                0x0000000000000624                . = ALIGN (0x4)
 *fill*         0x0000000000000621        0x3 
                0x0000000000000624                end = .
LOAD /opt/riscv32ic/lib/gcc/riscv32-unknown-elf/8.2.0/libgcc.a
OUTPUT(firmware.elf elf32-littleriscv)
